CIRNO FREEZED 2 BLOCK(S)
CIRNO FREEZED 2 BLOCK(S)
CIRNO MADE 0 ICE BLOCK(S),NOW SHE HAS 0 ICE BLOCK(S)
CIRNO HAS NO ICE_BLOCK
CIRNO FREEZED 8 BLOCK(S)
CIRNO FREEZED 8 BLOCK(S)
CIRNO FREEZED 8 BLOCK(S)
CIRNO FREEZED 8 BLOCK(S)
CIRNO FREEZED 8 BLOCK(S)
CIRNO FREEZED 7 BLOCK(S)
CIRNO FREEZED 7 BLOCK(S)
CIRNO FREEZED 0 BLOCK(S)
CIRNO MADE 8 ICE BLOCK(S),NOW SHE HAS 8 ICE BLOCK(S)
BAKA CIRNO,CAN'T PUT HERE
CIRNO SUCCESSFULLY PUT AN ICE_BLOCK,NOW SHE HAS 7 ICE_BLOCK(S)
CIRNO SUCCESSFULLY PUT AN ICE_BLOCK,NOW SHE HAS 6 ICE_BLOCK(S)
CIRNO MISSED THE PLACE
CIRNO REMOVED AN ICE_BLOCK,AND 1 BLOCK(S) ARE BROKEN
CIRNO SUCCESSFULLY PUT AN ICE_BLOCK,NOW SHE HAS 5 ICE_BLOCK(S)
CIRNO PUT AN ICE_BLOCK INSIDE THE HOUSE
CIRNO SUCCESSFULLY PUT AN ICE_BLOCK,NOW SHE HAS 3 ICE_BLOCK(S)
CIRNO SUCCESSFULLY PUT AN ICE_BLOCK,NOW SHE HAS 2 ICE_BLOCK(S)
CIRNO SUCCESSFULLY PUT AN ICE_BLOCK,NOW SHE HAS 1 ICE_BLOCK(S)
CIRNO SUCCESSFULLY PUT AN ICE_BLOCK,NOW SHE HAS 0 ICE_BLOCK(S)
CIRNO FREEZED 6 BLOCK(S)
CIRNO FREEZED 8 BLOCK(S)
CIRNO FREEZED 8 BLOCK(S)
CIRNO FREEZED 8 BLOCK(S)
CIRNO FREEZED 7 BLOCK(S)
CIRNO MADE 8 ICE BLOCK(S),NOW SHE HAS 8 ICE BLOCK(S)
CIRNO FREEZED 8 BLOCK(S)
CIRNO FREEZED 8 BLOCK(S)
CIRNO FREEZED 8 BLOCK(S)
CIRNO FREEZED 8 BLOCK(S)
CIRNO MADE 8 ICE BLOCK(S),NOW SHE HAS 16 ICE BLOCK(S)
CIRNO FREEZED 8 BLOCK(S)
CIRNO FREEZED 8 BLOCK(S)
CIRNO FREEZED 8 BLOCK(S)
CIRNO FREEZED 8 BLOCK(S)
CIRNO MADE 8 ICE BLOCK(S),NOW SHE HAS 24 ICE BLOCK(S)
CIRNO FREEZED 8 BLOCK(S)
CIRNO FREEZED 8 BLOCK(S)
CIRNO FREEZED 8 BLOCK(S)
CIRNO FREEZED 8 BLOCK(S)
CIRNO MADE 8 ICE BLOCK(S),NOW SHE HAS 32 ICE BLOCK(S)
CIRNO REMOVED AN ICE_BLOCK
CIRNO SUCCESSFULLY PUT AN ICE_BLOCK,NOW SHE HAS 32 ICE_BLOCK(S)
CIRNO SUCCESSFULLY PUT AN ICE_BLOCK,NOW SHE HAS 31 ICE_BLOCK(S)
CIRNO SUCCESSFULLY PUT AN ICE_BLOCK,NOW SHE HAS 30 ICE_BLOCK(S)
CIRNO SUCCESSFULLY PUT AN ICE_BLOCK,NOW SHE HAS 29 ICE_BLOCK(S)
CIRNO SUCCESSFULLY PUT AN ICE_BLOCK,NOW SHE HAS 28 ICE_BLOCK(S)
CIRNO SUCCESSFULLY PUT AN ICE_BLOCK,NOW SHE HAS 27 ICE_BLOCK(S)
CIRNO SUCCESSFULLY PUT AN ICE_BLOCK,NOW SHE HAS 26 ICE_BLOCK(S)
CIRNO SUCCESSFULLY PUT AN ICE_BLOCK,NOW SHE HAS 25 ICE_BLOCK(S)
CIRNO SUCCESSFULLY PUT AN ICE_BLOCK,NOW SHE HAS 24 ICE_BLOCK(S)
CIRNO SUCCESSFULLY PUT AN ICE_BLOCK,NOW SHE HAS 23 ICE_BLOCK(S)
CIRNO SUCCESSFULLY PUT AN ICE_BLOCK,NOW SHE HAS 22 ICE_BLOCK(S)
CIRNO SUCCESSFULLY PUT AN ICE_BLOCK,NOW SHE HAS 21 ICE_BLOCK(S)
CIRNO SUCCESSFULLY PUT AN ICE_BLOCK,NOW SHE HAS 20 ICE_BLOCK(S)
CIRNO SUCCESSFULLY PUT AN ICE_BLOCK,NOW SHE HAS 19 ICE_BLOCK(S)
CIRNO SUCCESSFULLY PUT AN ICE_BLOCK,NOW SHE HAS 18 ICE_BLOCK(S)
CIRNO SUCCESSFULLY PUT AN ICE_BLOCK,NOW SHE HAS 17 ICE_BLOCK(S)
0 ICE_BLOCK(S) INSIDE THE HOUSE NEED TO BE REMOVED
0 ICE_BLOCK(S) OUTSIDE THE HOUSE NEED TO BE REMOVED
GOOD JOB CIRNO,SUCCESSFULLY BUILT THE HOUSE
DOOR IS OK
WALL IS OK
CORNER IS OK
CIRNO FINALLY HAS 1 ICE_BLOCK(S)
CIRNO IS PERFECT!